{
  "message": "Bad request",
  "code": 400,
  "details": "Some parameter is missing."
}